```json
{
  "0": 0.85,
  "1": 0.05,
  "2": 0.15,
  "3": 0.03,
  "4": 0.30,
  "5": 0.02,
  "6": 0.01,
  "7": 0.10,
  "8": 0.08,
  "9": 0.45,
  "10": 0.02,
  "11": 0.25,
  "12": 0.10,
  "13": 0.03,
  "14": 0.02,
  "15": 0.75,
  "16": 0.30,
  "17": 0.08,
  "18": 0.55,
  "19": 0.02,
  "20": 0.15,
  "21": 0.20,
  "22": 0.05,
  "23": 0.02,
  "24": 0.08,
  "25": 0.10,
  "26": 0.02,
  "27": 0.01,
  "28": 0.40,
  "29": 0.40,
  "30": 0.02,
  "31": 0.55,
  "32": 0.02,
  "33": 0.80,
  "34": 0.01,
  "35": 0.55,
  "36": 0.01,
  "37": 0.10,
  "38": 0.65,
  "39": 0.02
}
```
