```json
{
  "640": 0.05,
  "641": 0.7,
  "642": 0.6,
  "643": 0.5,
  "644": 0.4,
  "645": 0.55,
  "646": 0.5,
  "647": 0.45,
  "648": 0.05,
  "649": 0.1,
  "650": 0.05,
  "651": 0.05,
  "652": 0.02,
  "653": 0.5,
  "654": 0.15,
  "655": 0.01,
  "656": 0.05,
  "657": 0.85,
  "658": 0.1,
  "659": 0.05,
  "660": 0.4,
  "661": 0.02,
  "662": 0.2,
  "663": 0.65,
  "664": 0.5,
  "665": 0.45,
  "666": 0.3,
  "667": 0.15,
  "668": 0.05,
  "669": 0.6,
  "670": 0.02,
  "671": 0.05,
  "672": 0.02,
  "673": 0.9,
  "674": 0.35,
  "675": 0.5,
  "676": 0.05,
  "677": 0.05,
  "678": 0.1,
  "679": 0.9
}
```
