```json
{
  "720": 0.05,
  "721": 0.05,
  "722": 0.15,
  "723": 0.1,
  "724": 0.02,
  "725": 0.55,
  "726": 0.5,
  "727": 0.05,
  "728": 0.05,
  "729": 0.05,
  "730": 0.65,
  "731": 0.2,
  "732": 0.15,
  "733": 0.05,
  "734": 0.25,
  "735": 0.05,
  "736": 0.05,
  "737": 0.1,
  "738": 0.6,
  "739": 0.4,
  "740": 0.02,
  "741": 0.45,
  "742": 0.02,
  "743": 0.85,
  "744": 0.9,
  "745": 0.1,
  "746": 0.8,
  "747": 0.05,
  "748": 0.05,
  "749": 0.05,
  "750": 0.1,
  "751": 0.55,
  "752": 0.05,
  "753": 0.9,
  "754": 0.45,
  "755": 0.75,
  "756": 0.4,
  "757": 0.5,
  "758": 0.1,
  "759": 0.05
}
```
