```json
{
  "480": 0.2,
  "481": 0.1,
  "482": 0.3,
  "483": 0.8,
  "484": 0.1,
  "485": 0.85,
  "486": 0.3,
  "487": 0.1,
  "488": 0.15,
  "489": 0.65,
  "490": 0.15,
  "491": 0.1,
  "492": 0.05,
  "493": 0.1,
  "494": 0.2,
  "495": 0.05,
  "496": 0.6,
  "497": 0.7,
  "498": 0.05,
  "499": 0.1,
  "500": 0.15,
  "501": 0.25,
  "502": 0.1,
  "503": 0.02,
  "504": 0.8,
  "505": 0.85,
  "506": 0.1,
  "507": 0.65,
  "508": 0.1,
  "509": 0.05,
  "510": 0.2,
  "511": 0.02,
  "512": 0.1,
  "513": 0.7,
  "514": 0.75,
  "515": 0.6,
  "516": 0.1,
  "517": 0.1,
  "518": 0.05,
  "519": 0.25
}
```
