```json
{
  "520": 0.1,
  "521": 0.3,
  "522": 0.05,
  "523": 0.7,
  "524": 0.65,
  "525": 0.2,
  "526": 0.1,
  "527": 0.05,
  "528": 0.05,
  "529": 0.02,
  "530": 0.2,
  "531": 0.9,
  "532": 0.65,
  "533": 0.6,
  "534": 0.05,
  "535": 0.15,
  "536": 0.4,
  "537": 0.1,
  "538": 0.05,
  "539": 0.85,
  "540": 0.9,
  "541": 0.05,
  "542": 0.4,
  "543": 0.02,
  "544": 0.45,
  "545": 0.05,
  "546": 0.05,
  "547": 0.1,
  "548": 0.02,
  "549": 0.1,
  "550": 0.5,
  "551": 0.02,
  "552": 0.4,
  "553": 0.15,
  "554": 0.05,
  "555": 0.02,
  "556": 0.7,
  "557": 0.85,
  "558": 0.6,
  "559": 0.25
}
```
