```json
{
  "120": 0.0,
  "121": 0.4,
  "122": 0.05,
  "123": 0.5,
  "124": 0.05,
  "125": 0.1,
  "126": 0.1,
  "127": 0.1,
  "128": 0.9,
  "129": 0.05,
  "130": 0.9,
  "131": 0.6,
  "132": 0.85,
  "133": 0.85,
  "134": 0.1,
  "135": 0.1,
  "136": 0.15,
  "137": 0.15,
  "138": 0.25,
  "139": 0.8,
  "140": 0.05,
  "141": 0.35,
  "142": 0.1,
  "143": 0.1,
  "144": 0.75,
  "145": 0.55,
  "146": 0.05,
  "147": 0.15,
  "148": 0.85,
  "149": 0.05,
  "150": 0.85,
  "151": 0.8,
  "152": 0.0,
  "153": 0.85,
  "154": 0.85,
  "155": 0.1,
  "156": 0.0,
  "157": 0.9,
  "158": 0.2,
  "159": 0.8
}
```
