```json
{
  "960": 0.65,
  "961": 0.70,
  "962": 0.15,
  "963": 0.40,
  "964": 0.85,
  "965": 0.55,
  "966": 0.10,
  "967": 0.30,
  "968": 0.15,
  "969": 0.60,
  "970": 0.80,
  "971": 0.10,
  "972": 0.35,
  "973": 0.50,
  "974": 0.70,
  "975": 0.40,
  "976": 0.30,
  "977": 0.35,
  "978": 0.50,
  "979": 0.80,
  "980": 0.75,
  "981": 0.05,
  "982": 0.85,
  "983": 0.10,
  "984": 0.10,
  "985": 0.45,
  "986": 0.25,
  "987": 0.05,
  "988": 0.75,
  "989": 0.85,
  "990": 0.05,
  "991": 0.45,
  "992": 0.85,
  "993": 0.70,
  "994": 0.15,
  "995": 0.70,
  "996": 0.05,
  "997": 0.30,
  "998": 0.70,
  "999": 0.05
}
```
