```json
{
  "760": 0.9,
  "761": 0.3,
  "762": 0.1,
  "763": 0.5,
  "764": 0.05,
  "765": 0.1,
  "766": 0.9,
  "767": 0.8,
  "768": 0.85,
  "769": 0.8,
  "770": 0.25,
  "771": 0.05,
  "772": 0.05,
  "773": 0.0,
  "774": 0.05,
  "775": 0.0,
  "776": 0.85,
  "777": 0.75,
  "778": 0.0,
  "779": 0.05,
  "780": 0.0,
  "781": 0.05,
  "782": 0.05,
  "783": 0.55,
  "784": 0.2,
  "785": 0.75,
  "786": 0.15,
  "787": 0.05,
  "788": 0.75,
  "789": 0.75,
  "790": 0.05,
  "791": 0.9,
  "792": 0.9,
  "793": 0.85,
  "794": 0.05,
  "795": 0.2,
  "796": 0.5,
  "797": 0.05,
  "798": 0.05,
  "799": 0.45
}
```
