```json
{
  "920": 0.05,
  "921": 0.05,
  "922": 0.15,
  "923": 0.8,
  "924": 0.35,
  "925": 0.85,
  "926": 0.75,
  "927": 0.05,
  "928": 0.02,
  "929": 0.8,
  "930": 0.7,
  "931": 0.1,
  "932": 0.4,
  "933": 0.65,
  "934": 0.6,
  "935": 0.25,
  "936": 0.05,
  "937": 0.02,
  "938": 0.35,
  "939": 0.8,
  "940": 0.55,
  "941": 0.3,
  "942": 0.1,
  "943": 0.05,
  "944": 0.85,
  "945": 0.05,
  "946": 0.05,
  "947": 0.4,
  "948": 0.7,
  "949": 0.02,
  "950": 0.05,
  "951": 0.75,
  "952": 0.75,
  "953": 0.1,
  "954": 0.2,
  "955": 0.02,
  "956": 0.8,
  "957": 0.7,
  "958": 0.02,
  "959": 0.05
}
```
