```json
{
  "360": 0.05,
  "361": 0.1,
  "362": 0.85,
  "363": 0.05,
  "364": 0.9,
  "365": 0.6,
  "366": 0.25,
  "367": 0.75,
  "368": 0.8,
  "369": 0.05,
  "370": 0.8,
  "371": 0.3,
  "372": 0.85,
  "373": 0.1,
  "374": 0.2,
  "375": 0.05,
  "376": 0.05,
  "377": 0.5,
  "378": 0.9,
  "379": 0.85,
  "380": 0.85,
  "381": 0.05,
  "382": 0.65,
  "383": 0.8,
  "384": 0.4,
  "385": 0.05,
  "386": 0.15,
  "387": 0.85,
  "388": 0.25,
  "389": 0.15,
  "390": 0.85,
  "391": 0.5,
  "392": 0.8,
  "393": 0.25,
  "394": 0.65,
  "395": 0.55,
  "396": 0.85,
  "397": 0.4,
  "398": 0.05,
  "399": 0.6
}
```
