```json
{
  "1280": 0.1,
  "1281": 0.85,
  "1282": 0.4,
  "1283": 0.15,
  "1284": 0.85,
  "1285": 0.05,
  "1286": 0.65,
  "1287": 0.05,
  "1288": 0.2,
  "1289": 0.95,
  "1290": 0.95,
  "1291": 0.1,
  "1292": 0.05,
  "1293": 0.5,
  "1294": 0.0,
  "1295": 0.0,
  "1296": 0.6,
  "1297": 0.1,
  "1298": 0.25,
  "1299": 0.05,
  "1300": 0.75,
  "1301": 0.1,
  "1302": 0.45,
  "1303": 0.45,
  "1304": 0.85,
  "1305": 0.5,
  "1306": 0.85,
  "1307": 0.65,
  "1308": 0.0,
  "1309": 0.0,
  "1310": 0.0,
  "1311": 0.15,
  "1312": 0.0,
  "1313": 0.2
}
```
