```json
{
  "880": 0.85,
  "881": 0.15,
  "882": 0.25,
  "883": 0.05,
  "884": 0.0,
  "885": 0.3,
  "886": 0.5,
  "887": 0.55,
  "888": 0.6,
  "889": 0.8,
  "890": 0.2,
  "891": 0.1,
  "892": 0.5,
  "893": 0.15,
  "894": 0.8,
  "895": 0.65,
  "896": 0.0,
  "897": 0.85,
  "898": 0.6,
  "899": 0.6,
  "900": 0.25,
  "901": 0.45,
  "902": 0.2,
  "903": 0.05,
  "904": 0.55,
  "905": 0.5,
  "906": 0.55,
  "907": 0.35,
  "908": 0.15,
  "909": 0.0,
  "910": 0.8,
  "911": 0.3,
  "912": 0.85,
  "913": 0.05,
  "914": 0.8,
  "915": 0.9,
  "916": 0.05,
  "917": 0.8,
  "918": 0.2,
  "919": 0.0
}
```
