```json
{
  "680": 0.1,
  "681": 0.05,
  "682": 0.95,
  "683": 0.02,
  "684": 0.85,
  "685": 0.35,
  "686": 0.9,
  "687": 0.88,
  "688": 0.4,
  "689": 0.25,
  "690": 0.1,
  "691": 0.2,
  "692": 0.6,
  "693": 0.05,
  "694": 0.92,
  "695": 0.02,
  "696": 0.35,
  "697": 0.05,
  "698": 0.92,
  "699": 0.1,
  "700": 0.88,
  "701": 0.08,
  "702": 0.7,
  "703": 0.3,
  "704": 0.9,
  "705": 0.55,
  "706": 0.01,
  "707": 0.35,
  "708": 0.1,
  "709": 0.5,
  "710": 0.15,
  "711": 0.3,
  "712": 0.35,
  "713": 0.2,
  "714": 0.92,
  "715": 0.9,
  "716": 0.05,
  "717": 0.93,
  "718": 0.15,
  "719": 0.75
}
```
