```json
{
  "1240": 0.1,
  "1241": 0.0,
  "1242": 0.4,
  "1243": 0.0,
  "1244": 0.5,
  "1245": 0.1,
  "1246": 0.6,
  "1247": 0.95,
  "1248": 0.05,
  "1249": 0.7,
  "1250": 0.2,
  "1251": 0.2,
  "1252": 0.5,
  "1253": 0.05,
  "1254": 0.0,
  "1255": 0.1,
  "1256": 0.9,
  "1257": 0.95,
  "1258": 0.5,
  "1259": 0.95,
  "1260": 0.05,
  "1261": 0.9,
  "1262": 0.6,
  "1263": 0.3,
  "1264": 0.2,
  "1265": 0.7,
  "1266": 0.5,
  "1267": 0.85,
  "1268": 0.3,
  "1269": 0.05,
  "1270": 0.2,
  "1271": 0.0,
  "1272": 0.85,
  "1273": 0.95,
  "1274": 0.2,
  "1275": 0.05,
  "1276": 0.1,
  "1277": 0.8,
  "1278": 0.5,
  "1279": 0.05
}
```
