```json
{
  "1040": 0.80,
  "1041": 0.05,
  "1042": 0.05,
  "1043": 0.05,
  "1044": 0.85,
  "1045": 0.05,
  "1046": 0.95,
  "1047": 0.05,
  "1048": 0.10,
  "1049": 0.35,
  "1050": 0.15,
  "1051": 0.30,
  "1052": 0.50,
  "1053": 0.40,
  "1054": 0.50,
  "1055": 0.05,
  "1056": 0.05,
  "1057": 0.40,
  "1058": 0.10,
  "1059": 0.05,
  "1060": 0.05,
  "1061": 0.05,
  "1062": 0.10,
  "1063": 0.05,
  "1064": 0.05,
  "1065": 0.30,
  "1066": 0.95,
  "1067": 0.05,
  "1068": 0.55,
  "1069": 0.05,
  "1070": 0.05,
  "1071": 0.60,
  "1072": 0.05,
  "1073": 0.20,
  "1074": 0.20,
  "1075": 0.30,
  "1076": 0.75,
  "1077": 0.50,
  "1078": 0.60,
  "1079": 0.05
}
```
