```json
{
  "400": 0.1,
  "401": 0.3,
  "402": 0.85,
  "403": 0.2,
  "404": 0.15,
  "405": 0.25,
  "406": 0.05,
  "407": 0.02,
  "408": 0.05,
  "409": 0.02,
  "410": 0.03,
  "411": 0.01,
  "412": 0.01,
  "413": 0.35,
  "414": 0.2,
  "415": 0.15,
  "416": 0.1,
  "417": 0.65,
  "418": 0.01,
  "419": 0.03,
  "420": 0.02,
  "421": 0.03,
  "422": 0.04,
  "423": 0.12,
  "424": 0.2,
  "425": 0.01,
  "426": 0.02,
  "427": 0.01,
  "428": 0.55,
  "429": 0.03,
  "430": 0.15,
  "431": 0.5,
  "432": 0.02,
  "433": 0.01,
  "434": 0.04,
  "435": 0.4,
  "436": 0.08,
  "437": 0.4,
  "438": 0.03,
  "439": 0.68
}
```
