```json
{
  "1600": 0.05,
  "1601": 0.55,
  "1602": 0.05,
  "1603": 0.05,
  "1604": 0.1,
  "1605": 0.65,
  "1606": 0.5,
  "1607": 0.9,
  "1608": 0.5,
  "1609": 0.85,
  "1610": 0.85,
  "1611": 0.88,
  "1612": 0.05,
  "1613": 0.6,
  "1614": 0.85,
  "1615": 0.85,
  "1616": 0.05,
  "1617": 0.05,
  "1618": 0.05,
  "1619": 0.2,
  "1620": 0.1,
  "1621": 0.1,
  "1622": 0.1,
  "1623": 0.85,
  "1624": 0.1,
  "1625": 0.05,
  "1626": 0.3,
  "1627": 0.1,
  "1628": 0.35,
  "1629": 0.2,
  "1630": 0.85,
  "1631": 0.2,
  "1632": 0.5,
  "1633": 0.05,
  "1634": 0.4,
  "1635": 0.05,
  "1636": 0.05,
  "1637": 0.05,
  "1638": 0.65,
  "1639": 0.8
}
```
