```json
{
  "1280": 0.0,
  "1281": 0.9,
  "1282": 0.85,
  "1283": 0.8,
  "1284": 0.7,
  "1285": 0.65,
  "1286": 0.6,
  "1287": 0.7,
  "1288": 0.05,
  "1289": 0.0,
  "1290": 0.15,
  "1291": 0.55,
  "1292": 0.0,
  "1293": 0.65,
  "1294": 0.6,
  "1295": 0.45,
  "1296": 0.0,
  "1297": 0.0,
  "1298": 0.8,
  "1299": 0.0,
  "1300": 0.0,
  "1301": 0.0,
  "1302": 0.0,
  "1303": 0.0,
  "1304": 0.05,
  "1305": 0.0,
  "1306": 0.0,
  "1307": 0.05,
  "1308": 0.25,
  "1309": 0.2,
  "1310": 0.6,
  "1311": 0.0,
  "1312": 0.0,
  "1313": 0.0,
  "1314": 0.0,
  "1315": 0.0,
  "1316": 0.0,
  "1317": 0.0,
  "1318": 0.0,
  "1319": 0.1
}
```
