```json
{
  "1640": 0.05,
  "1641": 0.55,
  "1642": 0.05,
  "1643": 0.35,
  "1644": 0.50,
  "1645": 0.50,
  "1646": 0.80,
  "1647": 0.20,
  "1648": 0.10,
  "1649": 0.05,
  "1650": 0.05,
  "1651": 0.25,
  "1652": 0.05,
  "1653": 0.75,
  "1654": 0.10,
  "1655": 0.85,
  "1656": 0.85,
  "1657": 0.05,
  "1658": 0.10,
  "1659": 0.15,
  "1660": 0.20,
  "1661": 0.05,
  "1662": 0.20,
  "1663": 0.90,
  "1664": 0.85,
  "1665": 0.85,
  "1666": 0.70,
  "1667": 0.05,
  "1668": 0.10,
  "1669": 0.10,
  "1670": 0.30,
  "1671": 0.35,
  "1672": 0.20,
  "1673": 0.10,
  "1674": 0.05,
  "1675": 0.90,
  "1676": 0.35,
  "1677": 0.60,
  "1678": 0.05,
  "1679": 0.05
}
```
