```json
{
  "600": 0.25,
  "601": 0.1,
  "602": 0.1,
  "603": 0.05,
  "604": 0.65,
  "605": 0.85,
  "606": 0.55,
  "607": 0.05,
  "608": 0.05,
  "609": 0.3,
  "610": 0.05,
  "611": 0.05,
  "612": 0.05,
  "613": 0.05,
  "614": 0.25,
  "615": 0.2,
  "616": 0.4,
  "617": 0.15,
  "618": 0.1,
  "619": 0.9,
  "620": 0.05,
  "621": 0.05,
  "622": 0.2,
  "623": 0.1,
  "624": 0.7,
  "625": 0.45,
  "626": 0.05,
  "627": 0.1,
  "628": 0.05,
  "629": 0.05,
  "630": 0.65,
  "631": 0.05,
  "632": 0.05,
  "633": 0.55,
  "634": 0.1,
  "635": 0.8,
  "636": 0.55,
  "637": 0.05,
  "638": 0.05,
  "639": 0.05
}
```
