```json
{
  "1880": 0.05,
  "1881": 0.1,
  "1882": 0.05,
  "1883": 0.05,
  "1884": 0.05,
  "1885": 0.15,
  "1886": 0.1,
  "1887": 0.05,
  "1888": 0.05,
  "1889": 0.25,
  "1890": 0.05,
  "1891": 0.1,
  "1892": 0.1,
  "1893": 0.05,
  "1894": 0.7,
  "1895": 0.8,
  "1896": 0.3,
  "1897": 0.05,
  "1898": 0.05,
  "1899": 0.6,
  "1900": 0.25,
  "1901": 0.05,
  "1902": 0.1,
  "1903": 0.05,
  "1904": 0.05,
  "1905": 0.05,
  "1906": 0.75,
  "1907": 0.5,
  "1908": 0.1,
  "1909": 0.05,
  "1910": 0.1,
  "1911": 0.1,
  "1912": 0.1,
  "1913": 0.05,
  "1914": 0.1,
  "1915": 0.85,
  "1916": 0.05,
  "1917": 0.35,
  "1918": 0.05,
  "1919": 0.05
}
```
