```json
{
  "680": 0.05,
  "681": 0.1,
  "682": 0.05,
  "683": 0.1,
  "684": 0.15,
  "685": 0.05,
  "686": 0.85,
  "687": 0.05,
  "688": 0.1,
  "689": 0.1,
  "690": 0.8,
  "691": 0.8,
  "692": 0.75,
  "693": 0.3,
  "694": 0.8,
  "695": 0.05,
  "696": 0,
  "697": 0.9,
  "698": 0,
  "699": 0.85,
  "700": 0.05,
  "701": 0.1,
  "702": 0.05,
  "703": 0.05,
  "704": 0.8,
  "705": 0.8,
  "706": 0.85,
  "707": 0.05,
  "708": 0,
  "709": 0.1,
  "710": 0.05,
  "711": 0,
  "712": 0.05,
  "713": 0.05,
  "714": 0.05,
  "715": 0.3,
  "716": 0.05,
  "717": 0,
  "718": 0,
  "719": 0.05
}
```
