```json
{
  "1120": 0,
  "1121": 0.3,
  "1122": 0.1,
  "1123": 0.1,
  "1124": 0.1,
  "1125": 0.6,
  "1126": 0.2,
  "1127": 0.1,
  "1128": 0.05,
  "1129": 0.7,
  "1130": 0.05,
  "1131": 0.1,
  "1132": 0.1,
  "1133": 0.4,
  "1134": 0,
  "1135": 0,
  "1136": 0.45,
  "1137": 0.5,
  "1138": 0.05,
  "1139": 0.45,
  "1140": 0,
  "1141": 0,
  "1142": 0.7,
  "1143": 0.15,
  "1144": 0.05,
  "1145": 0,
  "1146": 0.4,
  "1147": 0.45,
  "1148": 0.4,
  "1149": 0.25,
  "1150": 0,
  "1151": 0.05,
  "1152": 0,
  "1153": 0.05,
  "1154": 0,
  "1155": 0,
  "1156": 0.05,
  "1157": 0.2,
  "1158": 0.05,
  "1159": 0
}
```
