```json
{
  "1560": 0.1,
  "1561": 0.85,
  "1562": 0.85,
  "1563": 0.2,
  "1564": 0.85,
  "1565": 0.1,
  "1566": 0.05,
  "1567": 0.2,
  "1568": 0.5,
  "1569": 0.05,
  "1570": 0.05,
  "1571": 0.2,
  "1572": 0.1,
  "1573": 0.65,
  "1574": 0.8,
  "1575": 0.8,
  "1576": 0.1,
  "1577": 0.2,
  "1578": 0.05,
  "1579": 0.05,
  "1580": 0.05,
  "1581": 0.05,
  "1582": 0.8,
  "1583": 0.8,
  "1584": 0.75,
  "1585": 0.35,
  "1586": 0.8,
  "1587": 0.8,
  "1588": 0.05,
  "1589": 0.02,
  "1590": 0.05,
  "1591": 0.4,
  "1592": 0.05,
  "1593": 0.02,
  "1594": 0.6,
  "1595": 0.05,
  "1596": 0.2,
  "1597": 0.15,
  "1598": 0.1,
  "1599": 0.2
}
```
