```json
{
  "1480": 0.05,
  "1481": 0.3,
  "1482": 0.05,
  "1483": 0.0,
  "1484": 0.1,
  "1485": 0.5,
  "1486": 0.8,
  "1487": 0.75,
  "1488": 0.05,
  "1489": 0.4,
  "1490": 0.35,
  "1491": 0.1,
  "1492": 0.15,
  "1493": 0.55,
  "1494": 0.4,
  "1495": 0.1,
  "1496": 0.05,
  "1497": 0.15,
  "1498": 0.05,
  "1499": 0.2,
  "1500": 0.75,
  "1501": 0.25,
  "1502": 0.05,
  "1503": 0.05,
  "1504": 0.45,
  "1505": 0.8,
  "1506": 0.7,
  "1507": 0.05,
  "1508": 0.75,
  "1509": 0.05,
  "1510": 0.05,
  "1511": 0.05,
  "1512": 0.05,
  "1513": 0.35,
  "1514": 0.75,
  "1515": 0.2,
  "1516": 0.15,
  "1517": 0.2,
  "1518": 0.05,
  "1519": 0.1
}
```
