```json
{
  "1360": 0.75,
  "1361": 0.05,
  "1362": 0.1,
  "1363": 0.15,
  "1364": 0.1,
  "1365": 0.05,
  "1366": 0.05,
  "1367": 0.8,
  "1368": 0.05,
  "1369": 0.05,
  "1370": 0.85,
  "1371": 0.8,
  "1372": 0.0,
  "1373": 0.0,
  "1374": 0.7,
  "1375": 0.1,
  "1376": 0.0,
  "1377": 0.05,
  "1378": 0.35,
  "1379": 0.0,
  "1380": 0.0,
  "1381": 0.0,
  "1382": 0.0,
  "1383": 0.85,
  "1384": 0.0,
  "1385": 0.55,
  "1386": 0.0,
  "1387": 0.15,
  "1388": 0.8,
  "1389": 0.85,
  "1390": 0.85,
  "1391": 0.0,
  "1392": 0.05,
  "1393": 0.0,
  "1394": 0.0,
  "1395": 0.55,
  "1396": 0.7,
  "1397": 0.0,
  "1398": 0.0,
  "1399": 0.0
}
```
