```json
{
  "1000": 0.35,
  "1001": 0.35,
  "1002": 0.55,
  "1003": 0.05,
  "1004": 0.1,
  "1005": 0.6,
  "1006": 0.25,
  "1007": 0.02,
  "1008": 0.02,
  "1009": 0.2,
  "1010": 0.45,
  "1011": 0.05,
  "1012": 0.05,
  "1013": 0.55,
  "1014": 0.1,
  "1015": 0.4,
  "1016": 0.4,
  "1017": 0.45,
  "1018": 0.45,
  "1019": 0.02,
  "1020": 0.45,
  "1021": 0.5,
  "1022": 0.1,
  "1023": 0.85,
  "1024": 0.25,
  "1025": 0.85,
  "1026": 0.75,
  "1027": 0.45,
  "1028": 0.05,
  "1029": 0.5,
  "1030": 0.1,
  "1031": 0.85,
  "1032": 0.02,
  "1033": 0.75,
  "1034": 0.25,
  "1035": 0.02,
  "1036": 0.65,
  "1037": 0.55,
  "1038": 0.65,
  "1039": 0.4
}
```
