```json
{
  "1160": 0.0,
  "1161": 0.0,
  "1162": 0.3,
  "1163": 0.0,
  "1164": 0.8,
  "1165": 0.0,
  "1166": 0.0,
  "1167": 0.5,
  "1168": 0.6,
  "1169": 0.8,
  "1170": 0.8,
  "1171": 0.4,
  "1172": 0.1,
  "1173": 0.0,
  "1174": 0.3,
  "1175": 0.0,
  "1176": 0.0,
  "1177": 0.0,
  "1178": 0.8,
  "1179": 0.0,
  "1180": 0.0,
  "1181": 0.7,
  "1182": 0.0,
  "1183": 0.0,
  "1184": 0.0,
  "1185": 0.0,
  "1186": 0.0,
  "1187": 0.7,
  "1188": 0.6,
  "1189": 0.0,
  "1190": 0.6,
  "1191": 0.1,
  "1192": 0.0,
  "1193": 0.1,
  "1194": 0.0,
  "1195": 0.0,
  "1196": 0.0,
  "1197": 0.8,
  "1198": 0.0,
  "1199": 0.4
}
```
