```json
{
  "1840": 0.0,
  "1841": 0.05,
  "1842": 0.65,
  "1843": 0.25,
  "1844": 0.9,
  "1845": 0.95,
  "1846": 0.95,
  "1847": 0.1,
  "1848": 0.9,
  "1849": 0.35,
  "1850": 0.0,
  "1851": 0.0,
  "1852": 0.0,
  "1853": 0.8,
  "1854": 0.6,
  "1855": 0.0,
  "1856": 0.0,
  "1857": 0.05,
  "1858": 0.05,
  "1859": 0.05,
  "1860": 0.05,
  "1861": 0.05,
  "1862": 0.05,
  "1863": 0.05,
  "1864": 0.05,
  "1865": 0.05,
  "1866": 0.7,
  "1867": 0.05,
  "1868": 0.1,
  "1869": 0.0,
  "1870": 0.1,
  "1871": 0.0,
  "1872": 0.0,
  "1873": 0.85,
  "1874": 0.1,
  "1875": 0.05,
  "1876": 0.0,
  "1877": 0.8,
  "1878": 0.0,
  "1879": 0.0
}
```
