```json
{
  "2360": 0.1,
  "2361": 0.0,
  "2362": 0.0,
  "2363": 0.6,
  "2364": 0.0,
  "2365": 0.1,
  "2366": 0.95,
  "2367": 0.5,
  "2368": 0.0,
  "2369": 0.0,
  "2370": 0.5,
  "2371": 0.2,
  "2372": 0.0,
  "2373": 0.05,
  "2374": 0.7,
  "2375": 0.8,
  "2376": 0.0,
  "2377": 0.4,
  "2378": 0.0,
  "2379": 0.4,
  "2380": 0.3,
  "2381": 0.2,
  "2382": 0.2,
  "2383": 0.4,
  "2384": 0.9,
  "2385": 0.95,
  "2386": 0.05,
  "2387": 0.1,
  "2388": 0.8,
  "2389": 0.1,
  "2390": 0.0,
  "2391": 0.9,
  "2392": 0.0,
  "2393": 0.5,
  "2394": 0.1,
  "2395": 0.1,
  "2396": 0.6,
  "2397": 0.0,
  "2398": 0.65,
  "2399": 0.0
}
```
