```json
{
  "600": 0.05,
  "601": 0.05,
  "602": 0.65,
  "603": 0.85,
  "604": 0.80,
  "605": 0.75,
  "606": 0.55,
  "607": 0.10,
  "608": 0.05,
  "609": 0.60,
  "610": 0.10,
  "611": 0.75,
  "612": 0.75,
  "613": 0.05,
  "614": 0.05,
  "615": 0.05,
  "616": 0.02,
  "617": 0.65,
  "618": 0.02,
  "619": 0.05,
  "620": 0.85,
  "621": 0.10,
  "622": 0.05,
  "623": 0.05,
  "624": 0.02,
  "625": 0.05,
  "626": 0.02,
  "627": 0.05,
  "628": 0.05,
  "629": 0.05,
  "630": 0.70,
  "631": 0.75,
  "632": 0.05,
  "633": 0.05,
  "634": 0.02,
  "635": 0.02,
  "636": 0.05,
  "637": 0.05,
  "638": 0.02,
  "639": 0.25
}
```
