```json
{
  "40": 0.2,
  "41": 0.5,
  "42": 0.1,
  "43": 0.0,
  "44": 0.1,
  "45": 0.1,
  "46": 0.0,
  "47": 0.0,
  "48": 0.0,
  "49": 0.0,
  "50": 0.05,
  "51": 0.0,
  "52": 0.15,
  "53": 0.05,
  "54": 0.1,
  "55": 0.05,
  "56": 0.0,
  "57": 0.3,
  "58": 0.4,
  "59": 0.0,
  "60": 0.05,
  "61": 0.1,
  "62": 0.85,
  "63": 0.9,
  "64": 0.25,
  "65": 0.0,
  "66": 0.05,
  "67": 0.4,
  "68": 0.65,
  "69": 0.0,
  "70": 0.0,
  "71": 0.15,
  "72": 0.05,
  "73": 0.0,
  "74": 0.0,
  "75": 0.1,
  "76": 0.15,
  "77": 0.35,
  "78": 0.9,
  "79": 0.0
}
```
