```json
{
  "1200": 0.85,
  "1201": 0.65,
  "1202": 0.05,
  "1203": 0.30,
  "1204": 0.10,
  "1205": 0.55,
  "1206": 0.35,
  "1207": 0.50,
  "1208": 0.05,
  "1209": 0.30,
  "1210": 0.60,
  "1211": 0.50,
  "1212": 0.35,
  "1213": 0.05,
  "1214": 0.25,
  "1215": 0.20,
  "1216": 0.65,
  "1217": 0.80,
  "1218": 0.10,
  "1219": 0.55,
  "1220": 0.05,
  "1221": 0.85,
  "1222": 0.80,
  "1223": 0.25,
  "1224": 0.15,
  "1225": 0.05,
  "1226": 0.10,
  "1227": 0.70,
  "1228": 0.75,
  "1229": 0.25,
  "1230": 0.05,
  "1231": 0.30,
  "1232": 0.10,
  "1233": 0.05,
  "1234": 0.10,
  "1235": 0.55,
  "1236": 0.15,
  "1237": 0.35,
  "1238": 0.05,
  "1239": 0.20
}
```
