```json
{
  "160": 0.85,
  "161": 0.88,
  "162": 0.05,
  "163": 0.02,
  "164": 0.02,
  "165": 0.05,
  "166": 0.05,
  "167": 0.03,
  "168": 0.90,
  "169": 0.03,
  "170": 0.92,
  "171": 0.03,
  "172": 0.88,
  "173": 0.10,
  "174": 0.02,
  "175": 0.05,
  "176": 0.02,
  "177": 0.10,
  "178": 0.02,
  "179": 0.20,
  "180": 0.87,
  "181": 0.03,
  "182": 0.95,
  "183": 0.02,
  "184": 0.02,
  "185": 0.03,
  "186": 0.03,
  "187": 0.02,
  "188": 0.10,
  "189": 0.03,
  "190": 0.25,
  "191": 0.90,
  "192": 0.15,
  "193": 0.92,
  "194": 0.85,
  "195": 0.40,
  "196": 0.15,
  "197": 0.88,
  "198": 0.89,
  "199": 0.05
}
```
