```json
{
  "1800": 0.85,
  "1801": 0.6,
  "1802": 0.1,
  "1803": 0.7,
  "1804": 0.15,
  "1805": 0.85,
  "1806": 0.05,
  "1807": 0.8,
  "1808": 0.0,
  "1809": 0.15,
  "1810": 0.5,
  "1811": 0.1,
  "1812": 0.55,
  "1813": 0.85,
  "1814": 0.05,
  "1815": 0.0,
  "1816": 0.25,
  "1817": 0.65,
  "1818": 0.1,
  "1819": 0.75,
  "1820": 0.1,
  "1821": 0.05,
  "1822": 0.0,
  "1823": 0.3,
  "1824": 0.85,
  "1825": 0.0,
  "1826": 0.85,
  "1827": 0.8,
  "1828": 0.2,
  "1829": 0.15,
  "1830": 0.1,
  "1831": 0.15,
  "1832": 0.2,
  "1833": 0.45,
  "1834": 0.65,
  "1835": 0.05,
  "1836": 0.05,
  "1837": 0.7,
  "1838": 0.05,
  "1839": 0.0
}
```
