```json
{
  "2240": 0.3,
  "2241": 0.1,
  "2242": 0.7,
  "2243": 0.05,
  "2244": 0.5,
  "2245": 0.2,
  "2246": 0.05,
  "2247": 0.05,
  "2248": 0.2,
  "2249": 0.8,
  "2250": 0.4,
  "2251": 0.1,
  "2252": 0.05,
  "2253": 0.1,
  "2254": 0.5,
  "2255": 0.55,
  "2256": 0.05,
  "2257": 0.2,
  "2258": 0.8,
  "2259": 0.15,
  "2260": 0.2,
  "2261": 0.85,
  "2262": 0.25,
  "2263": 0.05,
  "2264": 0.85,
  "2265": 0.05,
  "2266": 0.15,
  "2267": 0.05,
  "2268": 0.5,
  "2269": 0.05,
  "2270": 0.1,
  "2271": 0.15,
  "2272": 0.05,
  "2273": 0.05,
  "2274": 0.3,
  "2275": 0.2,
  "2276": 0.1,
  "2277": 0.8,
  "2278": 0.2,
  "2279": 0.05
}
```
