```json
{
  "2280": 0.35,
  "2281": 0.05,
  "2282": 0.80,
  "2283": 0.75,
  "2284": 0.85,
  "2285": 0.05,
  "2286": 0.10,
  "2287": 0.35,
  "2288": 0.05,
  "2289": 0.75,
  "2290": 0.70,
  "2291": 0.25,
  "2292": 0.70,
  "2293": 0.75,
  "2294": 0.05,
  "2295": 0.45,
  "2296": 0.75,
  "2297": 0.50,
  "2298": 0.85,
  "2299": 0.10,
  "2300": 0.50,
  "2301": 0.80,
  "2302": 0.05,
  "2303": 0.85,
  "2304": 0.10,
  "2305": 0.20,
  "2306": 0.10,
  "2307": 0.80,
  "2308": 0.05,
  "2309": 0.30,
  "2310": 0.20,
  "2311": 0.30,
  "2312": 0.90,
  "2313": 0.65,
  "2314": 0.05,
  "2315": 0.55,
  "2316": 0.10,
  "2317": 0.45,
  "2318": 0.80,
  "2319": 0.20
}
```
