```json
{
  "2120": 0.7,
  "2121": 0.1,
  "2122": 0.2,
  "2123": 0.4,
  "2124": 0.8,
  "2125": 0.3,
  "2126": 0.05,
  "2127": 0.75,
  "2128": 0.65,
  "2129": 0.5,
  "2130": 0.5,
  "2131": 0.2,
  "2132": 0.3,
  "2133": 0.65,
  "2134": 0.5,
  "2135": 0.15,
  "2136": 0.05,
  "2137": 0.6,
  "2138": 0.8,
  "2139": 0.45,
  "2140": 0.15,
  "2141": 0.75,
  "2142": 0.65,
  "2143": 0.15,
  "2144": 0.75,
  "2145": 0.05,
  "2146": 0.85,
  "2147": 0.65,
  "2148": 0.5,
  "2149": 0.05,
  "2150": 0.65,
  "2151": 0.05,
  "2152": 0.05,
  "2153": 0.05,
  "2154": 0.2,
  "2155": 0.8,
  "2156": 0.3,
  "2157": 0.15,
  "2158": 0.65,
  "2159": 0.05
}
```
