```json
{
  "1400": 0.2,
  "1401": 0.85,
  "1402": 0.6,
  "1403": 0.7,
  "1404": 0.55,
  "1405": 0.05,
  "1406": 0.75,
  "1407": 0.65,
  "1408": 0.25,
  "1409": 0.5,
  "1410": 0.95,
  "1411": 0.9,
  "1412": 0.3,
  "1413": 0.02,
  "1414": 0.9,
  "1415": 0.85,
  "1416": 0.5,
  "1417": 0.1,
  "1418": 0.95,
  "1419": 0.15,
  "1420": 0.2,
  "1421": 0.65,
  "1422": 0.05,
  "1423": 0.1,
  "1424": 0,
  "1425": 0.1,
  "1426": 0.75,
  "1427": 0.9,
  "1428": 0.2,
  "1429": 0.35,
  "1430": 0.3,
  "1431": 0.2,
  "1432": 0.01,
  "1433": 0.3,
  "1434": 0.85,
  "1435": 0.6,
  "1436": 0.05,
  "1437": 0.8,
  "1438": 0.02,
  "1439": 0.25
}
```
