```json
{
  "200": 0.05,
  "201": 0.75,
  "202": 0.5,
  "203": 0.85,
  "204": 0.6,
  "205": 0.75,
  "206": 0.7,
  "207": 0.8,
  "208": 0.05,
  "209": 0.75,
  "210": 0.35,
  "211": 0.85,
  "212": 0.75,
  "213": 0.3,
  "214": 0.05,
  "215": 0.2,
  "216": 0.65,
  "217": 0.0,
  "218": 0.8,
  "219": 0.2,
  "220": 0.0,
  "221": 0.35,
  "222": 0.75,
  "223": 0.7,
  "224": 0.45,
  "225": 0.4,
  "226": 0.05,
  "227": 0.85,
  "228": 0.25,
  "229": 0.0,
  "230": 0.0,
  "231": 0.8,
  "232": 0.45,
  "233": 0.05,
  "234": 0.8,
  "235": 0.55,
  "236": 0.75,
  "237": 0.05,
  "238": 0.0,
  "239": 0.05
}
```
