```json
{
  "40": 0.25,
  "41": 0.15,
  "42": 0.75,
  "43": 0.30,
  "44": 0.05,
  "45": 0.20,
  "46": 0.15,
  "47": 0.35,
  "48": 0.05,
  "49": 0.90,
  "50": 0.90,
  "51": 0.30,
  "52": 0.10,
  "53": 0.92,
  "54": 0.98,
  "55": 0.05,
  "56": 0.10,
  "57": 0.08,
  "58": 0.75,
  "59": 0.20,
  "60": 0.45,
  "61": 0.50,
  "62": 0.08,
  "63": 0.35,
  "64": 0.20,
  "65": 0.72,
  "66": 0.01,
  "67": 0.15,
  "68": 0.78,
  "69": 0.58,
  "70": 0.18,
  "71": 0.82,
  "72": 0.62,
  "73": 0.04,
  "74": 0.72,
  "75": 0.08,
  "76": 0.88,
  "77": 0.03,
  "78": 0.03,
  "79": 0.08
}
```
