```json
{
  "2320": 0.85,
  "2321": 0.05,
  "2322": 0.70,
  "2323": 0.05,
  "2324": 0.10,
  "2325": 0.20,
  "2326": 0.10,
  "2327": 0.80,
  "2328": 0.20,
  "2329": 0.85,
  "2330": 0.85,
  "2331": 0.90,
  "2332": 0.05,
  "2333": 0.80,
  "2334": 0.65,
  "2335": 0.60,
  "2336": 0.90,
  "2337": 0.35,
  "2338": 0.80,
  "2339": 0.55,
  "2340": 0.30,
  "2341": 0.75,
  "2342": 0.85,
  "2343": 0.05,
  "2344": 0.70,
  "2345": 0.15,
  "2346": 0.85,
  "2347": 0.85,
  "2348": 0.50,
  "2349": 0.90,
  "2350": 0.05,
  "2351": 0.85,
  "2352": 0.85,
  "2353": 0.10,
  "2354": 0.10,
  "2355": 0.70,
  "2356": 0.85,
  "2357": 0.85,
  "2358": 0.05,
  "2359": 0.15
}
```
