```json
{
  "2000": 0.9,
  "2001": 0.05,
  "2002": 0.1,
  "2003": 0.15,
  "2004": 0.5,
  "2005": 0.85,
  "2006": 0.05,
  "2007": 0.1,
  "2008": 0.6,
  "2009": 0.15,
  "2010": 0.2,
  "2011": 0.7,
  "2012": 0.1,
  "2013": 0.05,
  "2014": 0.05,
  "2015": 0.2,
  "2016": 0.65,
  "2017": 0.6,
  "2018": 0.65,
  "2019": 0.1,
  "2020": 0.3,
  "2021": 0.85,
  "2022": 0.1,
  "2023": 0.05,
  "2024": 0.25,
  "2025": 0.35,
  "2026": 0.1,
  "2027": 0.5,
  "2028": 0.6,
  "2029": 0.1,
  "2030": 0.25,
  "2031": 0.05,
  "2032": 0.55,
  "2033": 0.1,
  "2034": 0.7,
  "2035": 0.6,
  "2036": 0.55,
  "2037": 0.1,
  "2038": 0.7,
  "2039": 0.45
}
```
