```json
{
  "1040": 0.05,
  "1041": 0.9,
  "1042": 0.05,
  "1043": 0.4,
  "1044": 0.1,
  "1045": 0.3,
  "1046": 0.05,
  "1047": 0.05,
  "1048": 0.5,
  "1049": 0.4,
  "1050": 0.1,
  "1051": 0.1,
  "1052": 0.8,
  "1053": 0.7,
  "1054": 0.05,
  "1055": 0.75,
  "1056": 0.95,
  "1057": 0.05,
  "1058": 0.6,
  "1059": 0.5,
  "1060": 0.05,
  "1061": 0.7,
  "1062": 0.05,
  "1063": 0.4,
  "1064": 0.5,
  "1065": 0.15,
  "1066": 0.1,
  "1067": 0.85,
  "1068": 0.0,
  "1069": 0.05,
  "1070": 0.85,
  "1071": 0.1,
  "1072": 0.05,
  "1073": 0.2,
  "1074": 0.5,
  "1075": 0.7,
  "1076": 0.4,
  "1077": 0.15,
  "1078": 0.1,
  "1079": 0.85
}
```
