```json
{
  "160": 0.05,
  "161": 0.2,
  "162": 0.85,
  "163": 0.8,
  "164": 0.05,
  "165": 0.15,
  "166": 0.02,
  "167": 0.3,
  "168": 0.85,
  "169": 0.65,
  "170": 0.25,
  "171": 0.05,
  "172": 0.1,
  "173": 0.02,
  "174": 0.1,
  "175": 0.55,
  "176": 0.7,
  "177": 0.75,
  "178": 0.05,
  "179": 0.01,
  "180": 0.02,
  "181": 0.65,
  "182": 0.02,
  "183": 0.05,
  "184": 0.2,
  "185": 0.25,
  "186": 0.6,
  "187": 0.02,
  "188": 0.05,
  "189": 0.01,
  "190": 0.5,
  "191": 0.85,
  "192": 0.03,
  "193": 0.1,
  "194": 0.65,
  "195": 0.03,
  "196": 0.02,
  "197": 0.75,
  "198": 0.01,
  "199": 0.05
}
```
