```json
{
  "440": 0.85,
  "441": 0.0,
  "442": 0.9,
  "443": 0.88,
  "444": 0.85,
  "445": 0.70,
  "446": 0.05,
  "447": 0.75,
  "448": 0.30,
  "449": 0.87,
  "450": 0.85,
  "451": 0.25,
  "452": 0.88,
  "453": 0.02,
  "454": 0.15,
  "455": 0.05,
  "456": 0.05,
  "457": 0.10,
  "458": 0.82,
  "459": 0.10,
  "460": 0.20,
  "461": 0.83,
  "462": 0.15,
  "463": 0.02,
  "464": 0.02,
  "465": 0.10,
  "466": 0.05,
  "467": 0.02,
  "468": 0.15,
  "469": 0.80,
  "470": 0.02,
  "471": 0.20,
  "472": 0.05,
  "473": 0.02,
  "474": 0.10,
  "475": 0.30,
  "476": 0.20,
  "477": 0.80,
  "478": 0.15,
  "479": 0.10
}
```
