```json
{
  "560": 0.05,
  "561": 0.85,
  "562": 0.1,
  "563": 0.1,
  "564": 0.05,
  "565": 0.8,
  "566": 0.05,
  "567": 0.0,
  "568": 0.1,
  "569": 0.05,
  "570": 0.2,
  "571": 0.4,
  "572": 0.05,
  "573": 0.05,
  "574": 0.0,
  "575": 0.15,
  "576": 0.05,
  "577": 0.1,
  "578": 0.05,
  "579": 0.0,
  "580": 0.05,
  "581": 0.35,
  "582": 0.05,
  "583": 0.05,
  "584": 0.0,
  "585": 0.65,
  "586": 0.0,
  "587": 0.0,
  "588": 0.05,
  "589": 0.1,
  "590": 0.05,
  "591": 0.05,
  "592": 0.9,
  "593": 0.0,
  "594": 0.05,
  "595": 0.05,
  "596": 0.1,
  "597": 0.05,
  "598": 0.0,
  "599": 0.05
}
```
