```json
{
  "80": 0.0,
  "81": 0.05,
  "82": 0.4,
  "83": 0.75,
  "84": 0.0,
  "85": 0.85,
  "86": 0.5,
  "87": 0.0,
  "88": 0.0,
  "89": 0.35,
  "90": 0.85,
  "91": 0.0,
  "92": 0.1,
  "93": 0.0,
  "94": 0.1,
  "95": 0.1,
  "96": 0.85,
  "97": 0.6,
  "98": 0.2,
  "99": 0.05,
  "100": 0.05,
  "101": 0.7,
  "102": 0.1,
  "103": 0.15,
  "104": 0.05,
  "105": 0.3,
  "106": 0.75,
  "107": 0.0,
  "108": 0.5,
  "109": 0.75,
  "110": 0.6,
  "111": 0.45,
  "112": 0.75,
  "113": 0.1,
  "114": 0.9,
  "115": 0.35,
  "116": 0.05,
  "117": 0.7,
  "118": 0.15,
  "119": 0.05
}
```
