```json
{
  "2160": 0.1,
  "2161": 0.4,
  "2162": 0.2,
  "2163": 0.05,
  "2164": 0.05,
  "2165": 0.1,
  "2166": 0.85,
  "2167": 0.15,
  "2168": 0.02,
  "2169": 0.25,
  "2170": 0.55,
  "2171": 0.35,
  "2172": 0.02,
  "2173": 0.9,
  "2174": 0.45,
  "2175": 0.02,
  "2176": 0.8,
  "2177": 0.02,
  "2178": 0.95,
  "2179": 0.15,
  "2180": 0.35,
  "2181": 0.25,
  "2182": 0.2,
  "2183": 0.15,
  "2184": 0.92,
  "2185": 0.5,
  "2186": 0.75,
  "2187": 0.78,
  "2188": 0.3,
  "2189": 0.1,
  "2190": 0.15,
  "2191": 0.08,
  "2192": 0.93,
  "2193": 0.08,
  "2194": 0.02,
  "2195": 0.75,
  "2196": 0.08,
  "2197": 0.82,
  "2198": 0.2,
  "2199": 0.15
}
```
