```json
{
  "2040": 0.95,
  "2041": 0.05,
  "2042": 0.1,
  "2043": 0.1,
  "2044": 0.3,
  "2045": 0.15,
  "2046": 0.05,
  "2047": 0.25,
  "2048": 0.05,
  "2049": 0.2,
  "2050": 0.2,
  "2051": 0.9,
  "2052": 0.75,
  "2053": 0.2,
  "2054": 0.85,
  "2055": 0.6,
  "2056": 0.05,
  "2057": 0.1,
  "2058": 0.5,
  "2059": 0.05,
  "2060": 0.85,
  "2061": 0.05,
  "2062": 0.65,
  "2063": 0.8,
  "2064": 0.05,
  "2065": 0.05,
  "2066": 0.35,
  "2067": 0.05,
  "2068": 0.9,
  "2069": 0.9,
  "2070": 0.55,
  "2071": 0.1,
  "2072": 0.05,
  "2073": 0.05,
  "2074": 0.3,
  "2075": 0.15,
  "2076": 0.85,
  "2077": 0.75,
  "2078": 0.65,
  "2079": 0.8
}
```
