```json
{
  "440": 0.05,
  "441": 0.05,
  "442": 0.95,
  "443": 0.9,
  "444": 0.85,
  "445": 0.2,
  "446": 0.05,
  "447": 0.1,
  "448": 0.1,
  "449": 0.7,
  "450": 0.9,
  "451": 0.7,
  "452": 0.65,
  "453": 0.05,
  "454": 0.02,
  "455": 0.15,
  "456": 0.85,
  "457": 0.55,
  "458": 0.1,
  "459": 0.1,
  "460": 0.9,
  "461": 0.75,
  "462": 0.05,
  "463": 0.7,
  "464": 0.85,
  "465": 0.1,
  "466": 0.15,
  "467": 0.2,
  "468": 0.85,
  "469": 0.85,
  "470": 0.1,
  "471": 0.65,
  "472": 0.05,
  "473": 0.1,
  "474": 0.75,
  "475": 0.65,
  "476": 0.6,
  "477": 0.7,
  "478": 0.3,
  "479": 0.15
}
```
