```json
{
  "320": 0.65,
  "321": 0.55,
  "322": 0.15,
  "323": 0.1,
  "324": 0.85,
  "325": 0.2,
  "326": 0.8,
  "327": 0.65,
  "328": 0.75,
  "329": 0.25,
  "330": 0.15,
  "331": 0.1,
  "332": 0.8,
  "333": 0.2,
  "334": 0.7,
  "335": 0.85,
  "336": 0.05,
  "337": 0.15,
  "338": 0.55,
  "339": 0.5,
  "340": 0.65,
  "341": 0.1,
  "342": 0.8,
  "343": 0.1,
  "344": 0.65,
  "345": 0.85,
  "346": 0.1,
  "347": 0.15,
  "348": 0.8,
  "349": 0.2,
  "350": 0.15,
  "351": 0.9,
  "352": 0.85,
  "353": 0.55,
  "354": 0.3,
  "355": 0.85,
  "356": 0.25,
  "357": 0.5,
  "358": 0.2,
  "359": 0.05
}
```
