```json
{
  "240": 0.35,
  "241": 0.45,
  "242": 0.05,
  "243": 0.9,
  "244": 0.05,
  "245": 0.2,
  "246": 0.15,
  "247": 0.5,
  "248": 0.1,
  "249": 0.25,
  "250": 0.0,
  "251": 0.0,
  "252": 0.2,
  "253": 0.0,
  "254": 0.05,
  "255": 0.7,
  "256": 0.1,
  "257": 0.65,
  "258": 0.5,
  "259": 0.05,
  "260": 0.6,
  "261": 0.1,
  "262": 0.15,
  "263": 0.5,
  "264": 0.85,
  "265": 0.0,
  "266": 0.65,
  "267": 0.55,
  "268": 0.05,
  "269": 0.6,
  "270": 0.9,
  "271": 0.05,
  "272": 0.05,
  "273": 0.2,
  "274": 0.55,
  "275": 0.45,
  "276": 0.0,
  "277": 0.1,
  "278": 0.85,
  "279": 0.7
}
```
