```json
{
  "1760": 0.05,
  "1761": 0.1,
  "1762": 0.05,
  "1763": 0.1,
  "1764": 0.9,
  "1765": 0.85,
  "1766": 0.85,
  "1767": 0.75,
  "1768": 0.65,
  "1769": 0.55,
  "1770": 0.1,
  "1771": 0.05,
  "1772": 0.85,
  "1773": 0.75,
  "1774": 0.8,
  "1775": 0.2,
  "1776": 0.4,
  "1777": 0.75,
  "1778": 0.15,
  "1779": 0.1,
  "1780": 0.6,
  "1781": 0.15,
  "1782": 0.6,
  "1783": 0.05,
  "1784": 0.15,
  "1785": 0.55,
  "1786": 0.8,
  "1787": 0.15,
  "1788": 0.85,
  "1789": 0.65,
  "1790": 0.05,
  "1791": 0.7,
  "1792": 0.1,
  "1793": 0.05,
  "1794": 0.2,
  "1795": 0.05,
  "1796": 0.05,
  "1797": 0.5,
  "1798": 0.75,
  "1799": 0.1
}
```
