```json
{
  "280": 0.0,
  "281": 0.85,
  "282": 0.0,
  "283": 0.15,
  "284": 0.9,
  "285": 0.0,
  "286": 0.0,
  "287": 0.9,
  "288": 0.0,
  "289": 0.85,
  "290": 0.2,
  "291": 0.85,
  "292": 0.05,
  "293": 0.0,
  "294": 0.25,
  "295": 0.0,
  "296": 0.8,
  "297": 0.0,
  "298": 0.0,
  "299": 0.1,
  "300": 0.0,
  "301": 0.0,
  "302": 0.85,
  "303": 0.1,
  "304": 0.05,
  "305": 0.9,
  "306": 0.0,
  "307": 0.15,
  "308": 0.0,
  "309": 0.0,
  "310": 0.0,
  "311": 0.85,
  "312": 0.6,
  "313": 0.0,
  "314": 0.05,
  "315": 0.0,
  "316": 0.0,
  "317": 0.0,
  "318": 0.0,
  "319": 0.0
}
```
