```json
{
  "1680": 0.3,
  "1681": 0.05,
  "1682": 0.95,
  "1683": 0.05,
  "1684": 0.25,
  "1685": 0.85,
  "1686": 0.85,
  "1687": 0.9,
  "1688": 0.85,
  "1689": 0.05,
  "1690": 0.65,
  "1691": 0.5,
  "1692": 0.05,
  "1693": 0.15,
  "1694": 0.1,
  "1695": 0.05,
  "1696": 0.25,
  "1697": 0.5,
  "1698": 0.8,
  "1699": 0.9,
  "1700": 0.6,
  "1701": 0.35,
  "1702": 0.02,
  "1703": 0.8,
  "1704": 0.05,
  "1705": 0.05,
  "1706": 0.35,
  "1707": 0.15,
  "1708": 0.3,
  "1709": 0.85,
  "1710": 0.05,
  "1711": 0.8,
  "1712": 0.2,
  "1713": 0.02,
  "1714": 0.95,
  "1715": 0.9,
  "1716": 0.9,
  "1717": 0.95,
  "1718": 0.9,
  "1719": 0.85
}
```
