```json
{
  "1720": 0.7,
  "1721": 0.2,
  "1722": 0.4,
  "1723": 0.5,
  "1724": 0.1,
  "1725": 0.05,
  "1726": 0.05,
  "1727": 0.05,
  "1728": 0.1,
  "1729": 0.6,
  "1730": 0.3,
  "1731": 0.8,
  "1732": 0.85,
  "1733": 0.15,
  "1734": 0.05,
  "1735": 0.5,
  "1736": 0.1,
  "1737": 0.25,
  "1738": 0.1,
  "1739": 0.35,
  "1740": 0.65,
  "1741": 0.8,
  "1742": 0.55,
  "1743": 0.65,
  "1744": 0.5,
  "1745": 0.05,
  "1746": 0.1,
  "1747": 0.02,
  "1748": 0.35,
  "1749": 0.4,
  "1750": 0.05,
  "1751": 0.45,
  "1752": 0.02,
  "1753": 0.2,
  "1754": 0.05,
  "1755": 0.05,
  "1756": 0.3,
  "1757": 0.55,
  "1758": 0.4,
  "1759": 0.05
}
```
