```json
{
  "0": 0.1,
  "1": 0.05,
  "2": 0.85,
  "3": 0.1,
  "4": 0.05,
  "5": 0.85,
  "6": 0.05,
  "7": 0.05,
  "8": 0.15,
  "9": 0.05,
  "10": 0.05,
  "11": 0.1,
  "12": 0.05,
  "13": 0.1,
  "14": 0.25,
  "15": 0.05,
  "16": 0.05,
  "17": 0.2,
  "18": 0.1,
  "19": 0.75,
  "20": 0.8,
  "21": 0.85,
  "22": 0.85,
  "23": 0.1,
  "24": 0.05,
  "25": 0.2,
  "26": 0.1,
  "27": 0.1,
  "28": 0.05,
  "29": 0.75,
  "30": 0.05,
  "31": 0.05,
  "32": 0.9,
  "33": 0.9,
  "34": 0.05,
  "35": 0.05,
  "36": 0.05,
  "37": 0.3,
  "38": 0.3,
  "39": 0.1
}
```
