```json
{
  "1440": 0.85,
  "1441": 0.05,
  "1442": 0.50,
  "1443": 0.75,
  "1444": 0.10,
  "1445": 0.70,
  "1446": 0.10,
  "1447": 0.35,
  "1448": 0.10,
  "1449": 0.65,
  "1450": 0.05,
  "1451": 0.25,
  "1452": 0.60,
  "1453": 0.60,
  "1454": 0.05,
  "1455": 0.35,
  "1456": 0.80,
  "1457": 0.65,
  "1458": 0.55,
  "1459": 0.20,
  "1460": 0.60,
  "1461": 0.55,
  "1462": 0.15,
  "1463": 0.60,
  "1464": 0.90,
  "1465": 0.05,
  "1466": 0.65,
  "1467": 0.80,
  "1468": 0.20,
  "1469": 0.05,
  "1470": 0.55,
  "1471": 0.20,
  "1472": 0.50,
  "1473": 0.60,
  "1474": 0.20,
  "1475": 0.75,
  "1476": 0.30,
  "1477": 0.55,
  "1478": 0.70,
  "1479": 0.15
}
```
