```json
{
  "800": 0.0,
  "801": 0.45,
  "802": 0.05,
  "803": 0.05,
  "804": 0.0,
  "805": 0.25,
  "806": 0.8,
  "807": 0.2,
  "808": 0.05,
  "809": 0.6,
  "810": 0.0,
  "811": 0.85,
  "812": 0.0,
  "813": 0.1,
  "814": 0.9,
  "815": 0.45,
  "816": 0.8,
  "817": 0.1,
  "818": 0.0,
  "819": 0.95,
  "820": 0.8,
  "821": 0.15,
  "822": 0.8,
  "823": 0.0,
  "824": 0.65,
  "825": 0.25,
  "826": 0.2,
  "827": 0.0,
  "828": 0.05,
  "829": 0.0,
  "830": 0.65,
  "831": 0.5,
  "832": 0.8,
  "833": 0.3,
  "834": 0.75,
  "835": 0.45,
  "836": 0.15,
  "837": 0.0,
  "838": 0.85,
  "839": 0.0
}
```
