```json
{
  "400": 0.9,
  "401": 0.9,
  "402": 0.05,
  "403": 0.8,
  "404": 0.05,
  "405": 0.1,
  "406": 0.2,
  "407": 0.2,
  "408": 0.05,
  "409": 0.05,
  "410": 0.9,
  "411": 0.05,
  "412": 0.85,
  "413": 0.05,
  "414": 0.05,
  "415": 0.05,
  "416": 0.05,
  "417": 0.2,
  "418": 0.9,
  "419": 0.85,
  "420": 0.1,
  "421": 0.05,
  "422": 0.3,
  "423": 0.85,
  "424": 0.05,
  "425": 0.85,
  "426": 0.05,
  "427": 0.1,
  "428": 0.9,
  "429": 0.1,
  "430": 0.1,
  "431": 0.85,
  "432": 0.9,
  "433": 0.8,
  "434": 0.75,
  "435": 0.05,
  "436": 0.05,
  "437": 0.05,
  "438": 0.05,
  "439": 0.1
}
```
