```json
{
  "840": 0.75,
  "841": 0.85,
  "842": 0.6,
  "843": 0.25,
  "844": 0.65,
  "845": 0.75,
  "846": 0.2,
  "847": 0.05,
  "848": 0.7,
  "849": 0.02,
  "850": 0.15,
  "851": 0.75,
  "852": 0.8,
  "853": 0.1,
  "854": 0.02,
  "855": 0.65,
  "856": 0.15,
  "857": 0.05,
  "858": 0.45,
  "859": 0.1,
  "860": 0.2,
  "861": 0.6,
  "862": 0.65,
  "863": 0.75,
  "864": 0.8,
  "865": 0.05,
  "866": 0.5,
  "867": 0.15,
  "868": 0.1,
  "869": 0.05,
  "870": 0.7,
  "871": 0.02,
  "872": 0.35,
  "873": 0.15,
  "874": 0.7,
  "875": 0.05,
  "876": 0.15,
  "877": 0.3,
  "878": 0.02,
  "879": 0.15
}
```
