```json
{
  "120": 0.05,
  "121": 0.65,
  "122": 0.10,
  "123": 0.02,
  "124": 0.10,
  "125": 0.10,
  "126": 0.90,
  "127": 0.80,
  "128": 0.50,
  "129": 0.10,
  "130": 0.80,
  "131": 0.50,
  "132": 0.05,
  "133": 0.35,
  "134": 0.50,
  "135": 0.05,
  "136": 0.10,
  "137": 0.02,
  "138": 0.95,
  "139": 0.10,
  "140": 0.10,
  "141": 0.05,
  "142": 0.70,
  "143": 0.10,
  "144": 0.02,
  "145": 0.10,
  "146": 0.02,
  "147": 0.05,
  "148": 0.90,
  "149": 0.01,
  "150": 0.10,
  "151": 0.05,
  "152": 0.02,
  "153": 0.85,
  "154": 0.40,
  "155": 0.85,
  "156": 0.05,
  "157": 0.95,
  "158": 0.90,
  "159": 0.02
}
```
