
## sonnet5 clef: stronger all-call = sonnet_thr (0.915)
  method       mean diff   worst 95% CI low   non-inferior runs (1pp / 2pp)
  fuse_0.2      -0.95pp    -2.84pp          0/5 / 30/5
  fuse_0.3      +0.06pp    -1.89pp          47/5 / 100/5
  fuse_0.4      +0.49pp    -1.36pp          98/5 / 100/5
  fuse_0.5      +0.66pp    -1.01pp          99/5 / 100/5
  fuse_0.6      +0.72pp    -0.95pp          100/5 / 100/5
  replace_0.2   -1.37pp    -3.19pp          0/5 / 3/5
  replace_0.3   -0.51pp    -2.01pp          5/5 / 99/5
  replace_0.4   -0.16pp    -1.42pp          76/5 / 100/5
  replace_0.5   -0.03pp    -0.89pp          100/5 / 100/5
  replace_0.6   +0.08pp    -0.59pp          100/5 / 100/5

## sonnet5 cb: stronger all-call = sonnet_raw (0.835)
  method       mean diff   worst 95% CI low   non-inferior runs (1pp / 2pp)
  fuse_0.2      -1.44pp    -4.12pp          0/5 / 0/5
  fuse_0.3      -0.38pp    -2.84pp          0/5 / 63/5
  fuse_0.4      +0.49pp    -1.64pp          53/5 / 100/5
  fuse_0.5      +1.10pp    -0.87pp          100/5 / 100/5
  fuse_0.6      +1.48pp    -0.62pp          100/5 / 100/5
  replace_0.2   -2.02pp    -4.95pp          0/5 / 1/5
  replace_0.3   -1.27pp    -4.01pp          0/5 / 5/5
  replace_0.4   -0.71pp    -3.64pp          4/5 / 28/5
  replace_0.5   -0.36pp    -3.06pp          25/5 / 28/5
  replace_0.6   -0.14pp    -2.88pp          28/5 / 29/5

## haiku45 clef: stronger all-call = sonnet_raw (0.934)
  method       mean diff   worst 95% CI low   non-inferior runs (1pp / 2pp)
  fuse_0.2      -2.58pp    -4.38pp          0/5 / 0/5
  fuse_0.3      -1.31pp    -3.02pp          0/5 / 2/5
  fuse_0.4      -0.69pp    -2.13pp          0/5 / 91/5
  fuse_0.5      -0.41pp    -1.83pp          3/5 / 100/5
  fuse_0.6      -0.24pp    -1.77pp          13/5 / 100/5
  replace_0.2   -2.94pp    -4.97pp          0/5 / 0/5
  replace_0.3   -1.85pp    -3.96pp          0/5 / 0/5
  replace_0.4   -1.38pp    -3.37pp          0/5 / 5/5
  replace_0.5   -1.32pp    -3.31pp          0/5 / 19/5
  replace_0.6   -1.24pp    -3.13pp          0/5 / 30/5

## haiku45 cb: stronger all-call = sonnet_raw (0.849)
  method       mean diff   worst 95% CI low   non-inferior runs (1pp / 2pp)
  fuse_0.2      -2.68pp    -5.25pp          0/5 / 0/5
  fuse_0.3      -1.61pp    -3.79pp          0/5 / 0/5
  fuse_0.4      -0.76pp    -2.48pp          0/5 / 67/5
  fuse_0.5      -0.16pp    -1.79pp          35/5 / 100/5
  fuse_0.6      +0.19pp    -1.20pp          95/5 / 100/5
  replace_0.2   -2.67pp    -5.39pp          0/5 / 0/5
  replace_0.3   -1.73pp    -4.45pp          0/5 / 0/5
  replace_0.4   -1.06pp    -3.53pp          0/5 / 34/5
  replace_0.5   -0.62pp    -2.88pp          8/5 / 83/5
  replace_0.6   -0.37pp    -2.84pp          20/5 / 92/5
